MD22_0.SHAPI_MOD_MAGIC_AND_VERSION                                    1         2048            4      1     32      0    0
MD22_0.SHAPI_MOD_NEXT_MODULE_ADDRESS                                  1         2052            4      1     32      0    0
MD22_0.SHAPI_MOD_FIRMWARE_ID_AND_VENDOR                               1         2056            4      1     32      0    0
MD22_0.SHAPI_MOD_FIRMWARE_VERSION                                     1         2060            4      1     32      0    0
MD22_0.SHAPI_MOD_FIRMWARE_NAME                                        2         2064            8      1     32      0    0
MD22_0.SHAPI_MOD_CAPABILITIES                                         1         2072            4      1     32      0    0
MD22_0.SHAPI_MOD_STATUS                                               1         2076            4      1     32      0    0
MD22_0.SHAPI_MOD_CONTROL                                              1         2080            4      1     32      0    0
MD22_0.SHAPI_MOD_INT_ID                                               1         2084            4      1     32      0    0
MD22_0.SHAPI_MOD_INT_CLEAR                                            1         2088            4      1     32      0    0
MD22_0.SHAPI_MOD_INT_MASK                                             1         2092            4      1     32      0    0
MD22_0.SHAPI_MOD_INT_FLAG                                             1         2096            4      1     32      0    0
MD22_0.SHAPI_MOD_INT_ACTV                                             1         2100            4      1     32      0    0
MD22_0.WORD_PROJ_MAGIC_NUM                                            1         2104            4      1     32      0    0
MD22_0.WORD_PROJ_ID                                                   1         2108            4      1     32      0    0
MD22_0.WORD_PROJ_VERSION                                              1         2112            4      1     32      0    0
MD22_0.WORD_PROJ_DATE                                                 1         2116            4      1     32      0    0
MD22_0.WORD_PROJ_USER                                                 1         2120            4      1     32      0    0
MD22_0.WORD_PROJ_RESET                                                1         2124            4      1      1      0    0
MD22_0.WORD_PROJ_NEXT                                                 1         2128            4      1     32      0    0
MD22_0.WORD_CTRL_SPI_WRITE                                            1         2132            4      1     32      0    0
MD22_0.WORD_CTRL_SPI_READBACK                                         1         2136            4      1     32      0    0
MD22_0.WORD_CTRL_SPI_SYNC                                             1         2140            4      1      8      0    0
MD22_0.WORD_CTRL_STATUS_BITS                                          1         2144            4      1      8      0    0
MD22_0.WORD_M1_SPI_WRITE                                              1         2148            4      1     32      0    0
MD22_0.WORD_M1_SPI_SYNC                                               1         2152            4      1      8      0    0
MD22_0.WORD_M1_ACTUAL_POS                                             1         2156            4      1     24      0    0
MD22_0.WORD_M1_V_ACTUAL                                               1         2160            4      1     12      0    0
MD22_0.WORD_M1_ACT_ACCEL                                              1         2164            4      1     12      0    0
MD22_0.WORD_M1_MSTEP_VAL                                              1         2168            4      1     10      0    0
MD22_0.WORD_M1_SGUARD_VAL                                             1         2172            4      1     10      0    0
MD22_0.WORD_M1_CoolStep_VAL                                           1         2176            4      1      5      0    0
MD22_0.WORD_M1_STATUS                                                 1         2180            4      1      8      0    0
MD22_0.WORD_M1_ENABLE                                                 1         2184            4      1      1      0    0
MD22_0.WORD_M1_DEK_MUX                                                1         2188            4      1      1      0    0
MD22_0.WORD_M1_DEK_POS                                                1         2192            4      1     32      0    0
MD22_0.WORD_M2_SPI_WRITE                                              1         2196            4      1     32      0    0
MD22_0.WORD_M2_SPI_SYNC                                               1         2200            4      1      8      0    0
MD22_0.WORD_M2_ACTUAL_POS                                             1         2204            4      1     24      0    0
MD22_0.WORD_M2_V_ACTUAL                                               1         2208            4      1     12      0    0
MD22_0.WORD_M2_ACT_ACCEL                                              1         2212            4      1     12      0    0
MD22_0.WORD_M2_MSTEP_VAL                                              1         2216            4      1     10      0    0
MD22_0.WORD_M2_SGUARD_VAL                                             1         2220            4      1     10      0    0
MD22_0.WORD_M2_CoolStep_VAL                                           1         2224            4      1      5      0    0
MD22_0.WORD_M2_STATUS                                                 1         2228            4      1      8      0    0
MD22_0.WORD_M2_ENABLE                                                 1         2232            4      1      1      0    0
MD22_0.WORD_M2_DEK_MUX                                                1         2236            4      1      1      0    0
MD22_0.WORD_M2_DEK_POS                                                1         2240            4      1     32      0    0
MD22_0.WORD_I2C_FMC_TX                                                1         2244            4      1      8      0    0
MD22_0.WORD_I2C_FMC_RX                                                1         2248            4      1      8      0    0
MD22_0.WORD_I2C_FMC_ADR                                               1         2252            4      1     16      0    0
MD22_0.WORD_I2C_FMC_CMD                                               1         2256            4      1     16      0    0
MD22_0.WORD_M1_VOLTAGE_EN                                             1         2260            4      1      2      0    0
MD22_0.WORD_M2_VOLTAGE_EN                                             1         2264            4      1      2      0    0
MD22_0.WORD_LIMITER_FAULT                                             1         2268            4      1      2      0    0
MD22_0.WORD_M1_CAL_END_SW_POS                                             1         2272            4      1     32      0    1
MD22_0.WORD_M1_CAL_END_SW_NEG                                             1         2276            4      1     32      0    1
MD22_0.WORD_M1_CAL_TIME                                               1         2280            4      1     32      0    0
MD22_0.WORD_M2_CAL_END_SW_POS                                             1         2284            4      1     32      0    1
MD22_0.WORD_M2_CAL_END_SW_NEG                                             1         2288            4      1     32      0    1
MD22_0.WORD_M2_CAL_TIME                                               1         2292            4      1     32      0    0
SYNC_PZT4_FMC20_6S150.0.VAR_CON_FMC_2                               512         4096         2048      1     32      0    0
MD22_1.SHAPI_MOD_MAGIC_AND_VERSION                                    1         2048            4      1     32      0    0
MD22_1.SHAPI_MOD_NEXT_MODULE_ADDRESS                                  1         2052            4      1     32      0    0
MD22_1.SHAPI_MOD_FIRMWARE_ID_AND_VENDOR                               1         2056            4      1     32      0    0
MD22_1.SHAPI_MOD_FIRMWARE_VERSION                                     1         2060            4      1     32      0    0
MD22_1.SHAPI_MOD_FIRMWARE_NAME                                        2         2064            8      1     32      0    0
MD22_1.SHAPI_MOD_CAPABILITIES                                         1         2072            4      1     32      0    0
MD22_1.SHAPI_MOD_STATUS                                               1         2076            4      1     32      0    0
MD22_1.SHAPI_MOD_CONTROL                                              1         2080            4      1     32      0    0
MD22_1.SHAPI_MOD_INT_ID                                               1         2084            4      1     32      0    0
MD22_1.SHAPI_MOD_INT_CLEAR                                            1         2088            4      1     32      0    0
MD22_1.SHAPI_MOD_INT_MASK                                             1         2092            4      1     32      0    0
MD22_1.SHAPI_MOD_INT_FLAG                                             1         2096            4      1     32      0    0
MD22_1.SHAPI_MOD_INT_ACTV                                             1         2100            4      1     32      0    0
MD22_1.WORD_PROJ_MAGIC_NUM                                            1         2104            4      1     32      0    0
MD22_1.WORD_PROJ_ID                                                   1         2108            4      1     32      0    0
MD22_1.WORD_PROJ_VERSION                                              1         2112            4      1     32      0    0
MD22_1.WORD_PROJ_DATE                                                 1         2116            4      1     32      0    0
MD22_1.WORD_PROJ_USER                                                 1         2120            4      1     32      0    0
MD22_1.WORD_PROJ_RESET                                                1         2124            4      1      1      0    0
MD22_1.WORD_PROJ_NEXT                                                 1         2128            4      1     32      0    0
MD22_1.WORD_CTRL_SPI_WRITE                                            1         2132            4      1     32      0    0
MD22_1.WORD_CTRL_SPI_READBACK                                         1         2136            4      1     32      0    0
MD22_1.WORD_CTRL_SPI_SYNC                                             1         2140            4      1      8      0    0
MD22_1.WORD_CTRL_STATUS_BITS                                          1         2144            4      1      8      0    0
MD22_1.WORD_M1_SPI_WRITE                                              1         2148            4      1     32      0    0
MD22_1.WORD_M1_SPI_SYNC                                               1         2152            4      1      8      0    0
MD22_1.WORD_M1_ACTUAL_POS                                             1         2156            4      1     24      0    0
MD22_1.WORD_M1_V_ACTUAL                                               1         2160            4      1     12      0    0
MD22_1.WORD_M1_ACT_ACCEL                                              1         2164            4      1     12      0    0
MD22_1.WORD_M1_MSTEP_VAL                                              1         2168            4      1     10      0    0
MD22_1.WORD_M1_SGUARD_VAL                                             1         2172            4      1     10      0    0
MD22_1.WORD_M1_CoolStep_VAL                                           1         2176            4      1      5      0    0
MD22_1.WORD_M1_STATUS                                                 1         2180            4      1      8      0    0
MD22_1.WORD_M1_ENABLE                                                 1         2184            4      1      1      0    0
MD22_1.WORD_M1_DEK_MUX                                                1         2188            4      1      1      0    0
MD22_1.WORD_M1_DEK_POS                                                1         2192            4      1     32      0    0
MD22_1.WORD_M2_SPI_WRITE                                              1         2196            4      1     32      0    0
MD22_1.WORD_M2_SPI_SYNC                                               1         2200            4      1      8      0    0
MD22_1.WORD_M2_ACTUAL_POS                                             1         2204            4      1     24      0    0
MD22_1.WORD_M2_V_ACTUAL                                               1         2208            4      1     12      0    0
MD22_1.WORD_M2_ACT_ACCEL                                              1         2212            4      1     12      0    0
MD22_1.WORD_M2_MSTEP_VAL                                              1         2216            4      1     10      0    0
MD22_1.WORD_M2_SGUARD_VAL                                             1         2220            4      1     10      0    0
MD22_1.WORD_M2_CoolStep_VAL                                           1         2224            4      1      5      0    0
MD22_1.WORD_M2_STATUS                                                 1         2228            4      1      8      0    0
MD22_1.WORD_M2_ENABLE                                                 1         2232            4      1      1      0    0
MD22_1.WORD_M2_DEK_MUX                                                1         2236            4      1      1      0    0
MD22_1.WORD_M2_DEK_POS                                                1         2240            4      1     32      0    0
MD22_1.WORD_I2C_FMC_TX                                                1         2244            4      1      8      0    0
MD22_1.WORD_I2C_FMC_RX                                                1         2248            4      1      8      0    0
MD22_1.WORD_I2C_FMC_ADR                                               1         2252            4      1     16      0    0
MD22_1.WORD_I2C_FMC_CMD                                               1         2256            4      1     16      0    0
MD22_1.WORD_M1_VOLTAGE_EN                                             1         2260            4      1      2      0    0
MD22_1.WORD_M2_VOLTAGE_EN                                             1         2264            4      1      2      0    0
MD22_1.WORD_LIMITER_FAULT                                             1         2268            4      1      2      0    0
MD22_1.WORD_M1_CAL_END_SW_POS                                             1         2272            4      1     32      0    1
MD22_1.WORD_M1_CAL_END_SW_NEG                                             1         2276            4      1     32      0    1
MD22_1.WORD_M1_CAL_TIME                                               1         2280            4      1     32      0    0
MD22_1.WORD_M2_CAL_END_SW_POS                                             1         2284            4      1     32      0    1
MD22_1.WORD_M2_CAL_END_SW_NEG                                             1         2288            4      1     32      0    1
MD22_1.WORD_M2_CAL_TIME                                               1         2292            4      1     32      0    0

